> show dbs
admin   0.000GB
config  0.000GB
local   0.000GB
> use webdev
switched to db webdev
> db.movies.insert({title: 'Aliens', rating: 4.5})
WriteResult({ "nInserted" : 1 })
> show dbs
admin   0.000GB
config  0.000GB
local   0.000GB
webdev  0.000GB
> db.movies.insert([{title: 'Terminator', rating: 4.8}, {title: 'Avatar', rating: 4.7}, {title: 'Dune', rating: 4.9}])
BulkWriteResult({
        "writeErrors" : [ ],
        "writeConcernErrors" : [ ],
        "nInserted" : 3,
        "nUpserted" : 0,
        "nMatched" : 0,
        "nModified" : 0,
        "nRemoved" : 0,
        "upserted" : [ ]
})
>  db.movies.find();
{ "_id" : ObjectId("61981cae4fed58abe806f1a7"), "title" : "Aliens", "rating" : 4.5 }
{ "_id" : ObjectId("61981fde4fed58abe806f1a9"), "title" : "Terminator", "rating" : 4.8 }
{ "_id" : ObjectId("61981fde4fed58abe806f1aa"), "title" : "Avatar", "rating" : 4.7 }
{ "_id" : ObjectId("61981fde4fed58abe806f1ab"), "title" : "Dune", "rating" : 4.9 }
> db.movies.find({_id: ObjectId("61981cae4fed58abe806f1a7")});
{ "_id" : ObjectId("61981cae4fed58abe806f1a7"), "title" : "Aliens", "rating" : 4.5 }
> db.movies.find({title: 'Aliens'});
{ "_id" : ObjectId("61981cae4fed58abe806f1a7"), "title" : "Aliens", "rating" : 4.5 }
> db.movies.find().pretty()
{
        "_id" : ObjectId("61981cae4fed58abe806f1a7"),
        "title" : "Aliens",
        "rating" : 4.5
}
{
        "_id" : ObjectId("61981fde4fed58abe806f1a9"),
        "title" : "Terminator",
        "rating" : 4.8
}
{
        "_id" : ObjectId("61981fde4fed58abe806f1aa"),
        "title" : "Avatar",
        "rating" : 4.7
}
{
        "_id" : ObjectId("61981fde4fed58abe806f1ab"),
        "title" : "Dune",
        "rating" : 4.9
}
> db.movies.updateOne({title: 'Avatar'}, {$set: {rating: 4.9}})
{ "acknowledged" : true, "matchedCount" : 1, "modifiedCount" : 1 }
> db.movies.find().pretty()
{
        "_id" : ObjectId("61981cae4fed58abe806f1a7"),
        "title" : "Aliens",
        "rating" : 4.5
}
{
        "_id" : ObjectId("61981fde4fed58abe806f1a9"),
        "title" : "Terminator",
        "rating" : 4.8
}
{
        "_id" : ObjectId("61981fde4fed58abe806f1aa"),
        "title" : "Avatar",
        "rating" : 4.9
}
{
        "_id" : ObjectId("61981fde4fed58abe806f1ab"),
        "title" : "Dune",
        "rating" : 4.9
}
> db.movies.updateOne({_id: ObjectId("61981cae4fed58abe806f1a7")}, {$set: {rating: 4.5}});
{ "acknowledged" : true, "matchedCount" : 1, "modifiedCount" : 0 }
> db.movies.deleteOne({_id: ObjectId("61981cae4fed58abe806f1a7")});
{ "acknowledged" : true, "deletedCount" : 1 }
> db.movies.find().pretty()
{
        "_id" : ObjectId("61981fde4fed58abe806f1a9"),
        "title" : "Terminator",
        "rating" : 4.8
}
{
        "_id" : ObjectId("61981fde4fed58abe806f1aa"),
        "title" : "Avatar",
        "rating" : 4.9
}
{
        "_id" : ObjectId("61981fde4fed58abe806f1ab"),
        "title" : "Dune",
        "rating" : 4.9
}
> db.tweets.insert({
                       "portrait": "../../../images/elonMusk.jpeg",
                       "userName": "Elon Must2",
                       "handle": "elonmust",
                       "time": "23h",
                       "title": "Amazing show about inspiration mission!",
                       "content": {
                         "image": "../../../images/starship.jpeg",
                         "title": "Countdown: Inspiration4 Mission to Space | Netflix Official Site",
                         "prefix": "From training to launch to landing, this all-access docuseries rides along with the Inspirtion4 crew on the first all-civilian orbital space",
                         "link": "netflix.com"
                       },
                       "commentTransferLove": {
                         "comment": 4200,
                         "transfer": 3500,
                         "love": 37500
                       }
                     })
WriteResult({ "nInserted" : 1 })


db.who.insert([
                  {   "avatarIcon": "/images/java.png",
                      "userName": "Java", "handle": "Java" },
                  {   "avatarIcon": "/images/relativity-space.jpeg",
                      "userName": "Relativity Space",
                      "handle": "relativityspace" },
                  {   "avatarIcon": "/images/virgin.png",
                      "userName": "Virgin Galactic",
                      "handle": "virgingalactic"},
                  {   "avatarIcon": "/images/nasa.jpeg",
                      "userName": "NASA", "handle": "NASA" },
                  {   "avatarIcon": "/images/tesla.png",
                      "userName": "Tesla", "handle": "Tesla"}
              ])
db.profile.insert({
                    "firstName": "Jose2 this line from db",
                    "lastName": "Annunziato",
                    "handle": "jannunzi",
                    "profilePicture": "jose.png",
                    "bannerPicture": "polyglot.png",
                    "bio": "Faculty, Software Engineer, AI, Space, and renewable enthusiast. Retweets and likes are not endorsements.",
                    "website": "youtube.com/webdevtv",
                    "location": "Boston, MA",
                    "dateOfBirth": "7/7/1968",
                    "dateJoined": "4/2009",
                    "followingCount": 312,
                    "followersCount": 180
                  })